MPLINK 4.32, Linker
Linker Map File - Created Tue Jul 20 22:45:21 2010

                                 Section Info
                  Section       Type    Address   Location Size(Bytes)
                ---------  ---------  ---------  ---------  ---------
               _entry_scn       code   0x000000    program   0x000006
    REMAPPED_RESET_VECTOR       code   0x000800    program   0x000006
REMAPPED_HIGH_INTERRUPT_VECTOR       code   0x000808    program   0x000006
REMAPPED_LOW_INTERRUPT_VECTOR       code   0x000818    program   0x000006
                   .cinit    romdata   0x00082a    program   0x00001a
         .code_vfprintf.o       code   0x000844    program   0x000c22
          .code_actions.o       code   0x001466    program   0x000842
          .code_my_xlcd.o       code   0x001ca8    program   0x000316
             .code_main.o       code   0x001fbe    program   0x000190
          .code_sprintf.o       code   0x00214e    program   0x0000ac
                     PROG       code   0x0021fa    program   0x0000a6
               _cinit_scn       code   0x0022a0    program   0x00009e
             .code_putc.o       code   0x00233e    program   0x000084
          .code_fxm3232.o       code   0x0023c2    program   0x000070
                   STRING       code   0x002432    program   0x000066
           .code_config.o       code   0x002498    program   0x000062
         .code_fxd3232u.o       code   0x0024fa    program   0x000048
           .code_t1open.o       code   0x002542    program   0x000042
          .code_t1write.o       code   0x002584    program   0x000038
          .code_t0write.o       code   0x0025bc    program   0x000038
           .code_t0open.o       code   0x0025f4    program   0x000038
             D10KTCYXCODE       code   0x00262c    program   0x00002e
         .code_fxd1616u.o       code   0x00265a    program   0x00002c
             .stringtable    romdata   0x002686    program   0x000028
                    CTYPE       code   0x0026ae    program   0x000024
              D1KTCYXCODE       code   0x0026d2    program   0x000020
             _startup_scn       code   0x0026f2    program   0x00001c
                    STDIO       code   0x00270e    program   0x00001c
         .code_fxd0808u.o       code   0x00272a    program   0x00001c
      .romdata_vfprintf.o    romdata   0x002746    program   0x000011
       .idata_sprintf.o_i    romdata   0x002757    program   0x000000
       .romdata_sprintf.o    romdata   0x002757    program   0x000000
      .idata_vfprintf.o_i    romdata   0x002757    program   0x000000
       .romdata_my_xlcd.o    romdata   0x002757    program   0x000000
      .idata_fxd3232u.o_i    romdata   0x002757    program   0x000000
      .romdata_fxd3232u.o    romdata   0x002757    program   0x000000
       .idata_my_xlcd.o_i    romdata   0x002757    program   0x000000
       .idata_fxm3232.o_i    romdata   0x002757    program   0x000000
       .romdata_fxm3232.o    romdata   0x002757    program   0x000000
         .idata_c018i.o_i    romdata   0x002757    program   0x000000
          .idata_putc.o_i    romdata   0x002757    program   0x000000
          .romdata_putc.o    romdata   0x002757    program   0x000000
    .idata__user_putc.o_i    romdata   0x002757    program   0x000000
    .romdata__user_putc.o    romdata   0x002757    program   0x000000
         .romdata_c018i.o    romdata   0x002757    program   0x000000
      .idata_fxd0808u.o_i    romdata   0x002757    program   0x000000
      .romdata_fxd0808u.o    romdata   0x002757    program   0x000000
       .romdata_actions.o    romdata   0x002757    program   0x000000
      .idata_fxd1616u.o_i    romdata   0x002757    program   0x000000
      .romdata_fxd1616u.o    romdata   0x002757    program   0x000000
        .idata_t0open.o_i    romdata   0x002757    program   0x000000
        .romdata_t0open.o    romdata   0x002757    program   0x000000
        .idata_t1open.o_i    romdata   0x002757    program   0x000000
        .romdata_t1open.o    romdata   0x002757    program   0x000000
        .romdata_config.o    romdata   0x002757    program   0x000000
       .idata_t0write.o_i    romdata   0x002757    program   0x000000
       .romdata_t0write.o    romdata   0x002757    program   0x000000
        .idata_config.o_i    romdata   0x002757    program   0x000000
       .idata_t1write.o_i    romdata   0x002757    program   0x000000
       .romdata_t1write.o    romdata   0x002757    program   0x000000
          .romdata_main.o    romdata   0x002757    program   0x000000
        .idata___init.o_i    romdata   0x002757    program   0x000000
        .romdata___init.o    romdata   0x002757    program   0x000000
            .code_c018i.o       code   0x002758    program   0x000000
                    .code       code   0x002758    program   0x00000e
       .code__user_putc.o       code   0x002766    program   0x000002
           .code___init.o       code   0x002768    program   0x000002
          .idata_main.o_i    romdata   0x00276a    program   0x000002
       .idata_actions.o_i    romdata   0x00276c    program   0x000005
                MATH_DATA      udata   0x000000       data   0x000014
                 .tmpdata      udata   0x000014       data   0x000007
                DELAYDAT2      udata   0x00001b       data   0x000001
                DELAYDAT1      udata   0x00001c       data   0x000001
            .udata_main.o      udata   0x000060       data   0x000032
         .udata_actions.o      udata   0x000092       data   0x000032
           .udata_c018i.o      udata   0x0000c4       data   0x00000a
         .idata_actions.o      idata   0x0000ce       data   0x000005
            .idata_main.o      idata   0x0000d3       data   0x000002
        .idata_vfprintf.o      idata   0x0000d5       data   0x000000
        .udata_vfprintf.o      udata   0x0000d5       data   0x000000
         .idata_sprintf.o      idata   0x0000d5       data   0x000000
         .udata_sprintf.o      udata   0x0000d5       data   0x000000
          .idata___init.o      idata   0x0000d5       data   0x000000
          .udata___init.o      udata   0x0000d5       data   0x000000
         .idata_t1write.o      idata   0x0000d5       data   0x000000
         .udata_t1write.o      udata   0x0000d5       data   0x000000
        .udata_fxd3232u.o      udata   0x0000d5       data   0x000000
        .idata_fxd3232u.o      idata   0x0000d5       data   0x000000
         .udata_fxm3232.o      udata   0x0000d5       data   0x000000
         .idata_fxm3232.o      idata   0x0000d5       data   0x000000
            .udata_putc.o      udata   0x0000d5       data   0x000000
            .idata_putc.o      idata   0x0000d5       data   0x000000
      .udata__user_putc.o      udata   0x0000d5       data   0x000000
      .idata__user_putc.o      idata   0x0000d5       data   0x000000
           .idata_c018i.o      idata   0x0000d5       data   0x000000
         .udata_my_xlcd.o      udata   0x0000d5       data   0x000000
         .idata_my_xlcd.o      idata   0x0000d5       data   0x000000
          .udata_config.o      udata   0x0000d5       data   0x000000
          .idata_config.o      idata   0x0000d5       data   0x000000
        .udata_fxd0808u.o      udata   0x0000d5       data   0x000000
        .idata_fxd0808u.o      idata   0x0000d5       data   0x000000
        .udata_fxd1616u.o      udata   0x0000d5       data   0x000000
        .idata_fxd1616u.o      idata   0x0000d5       data   0x000000
          .udata_t0open.o      udata   0x0000d5       data   0x000000
          .idata_t0open.o      idata   0x0000d5       data   0x000000
          .udata_t1open.o      udata   0x0000d5       data   0x000000
          .idata_t1open.o      idata   0x0000d5       data   0x000000
         .udata_t0write.o      udata   0x0000d5       data   0x000000
         .idata_t0write.o      idata   0x0000d5       data   0x000000
                   .stack      udata   0x000300       data   0x000100
            SFR_UNBANKED0      udata   0x000f62       data   0x00009e



                              Program Memory Usage 
                               Start         End      
                           ---------   ---------      
                            0x000000    0x000005      
                            0x000800    0x000805      
                            0x000808    0x00080d      
                            0x000818    0x00081d      
                            0x00082a    0x002756      
                            0x002758    0x002770      
            8030 out of 33048 program addresses used, program memory utilization is 24%



                              Symbols - Sorted by Name
                     Name    Address   Location    Storage File                     
                ---------  ---------  ---------  --------- ---------                
     CGRAM_cache_escrever   0x001c30    program     static C:\ProjetosPICMINAS\ProjetoConclusao\actions.c
                   D10K_1   0x002638    program     static C:\MCC18\src\traditional\delays\d10ktcyx.asm
                    D10Kl   0x002644    program     static C:\MCC18\src\traditional\delays\d10ktcyx.asm
                    D10Kx   0x002636    program     static C:\MCC18\src\traditional\delays\d10ktcyx.asm
                   D1616S   0x00221c    program     static C:\MCC18\src\traditional\math\fxd1616s.asm
                D1616SNEG   0x00222a    program     static C:\MCC18\src\traditional\math\fxd1616s.asm
                 D1616SOK   0x002226    program     static C:\MCC18\src\traditional\math\fxd1616s.asm
                  D1616SX   0x00223c    program     static C:\MCC18\src\traditional\math\fxd1616s.asm
                    D1K_1   0x0026de    program     static C:\MCC18\src\traditional\delays\d1ktcyx.asm
                     D1Kx   0x0026dc    program     static C:\MCC18\src\traditional\delays\d1ktcyx.asm
                  DA1616S   0x00220c    program     static C:\MCC18\src\traditional\math\fxd1616s.asm
             Delay10KTCYx   0x00262c    program     extern C:\MCC18\src\traditional\delays\d10ktcyx.asm
              Delay1KTCYx   0x0026d2    program     extern C:\MCC18\src\traditional\delays\d1ktcyx.asm
                 FXD0808U   0x00272a    program     extern C:\MCC18\src\traditional\math\fxd0808u.c
                 FXD1616S   0x0021fa    program     extern C:\MCC18\src\traditional\math\fxd1616s.asm
                 FXD1616U   0x00265a    program     extern C:\MCC18\src\traditional\math\fxd1616u.c
                 FXD3232U   0x0024fa    program     extern C:\MCC18\src\traditional\math\fxd3232u.c
                 FXM1616S   0x002246    program     extern C:\MCC18\src\traditional\math\fxm1616s.asm
                  FXM3232   0x0023c2    program     extern C:\MCC18\src\traditional\math\fxm3232.c
               OpenTimer0   0x0025f4    program     extern C:\MCC18\src\pmc_common\Timers\t0open.c
               OpenTimer1   0x002542    program     extern C:\MCC18\src\pmc_common\Timers\t1open.c
               TSIGN1616A   0x002292    program     static C:\MCC18\src\traditional\math\fxm1616s.asm
              WriteTimer0   0x0025bc    program     extern C:\MCC18\src\pmc_common\Timers\t0write.c
              WriteTimer1   0x002584    program     extern C:\MCC18\src\pmc_common\Timers\t1write.c
               XLCD_CGRAM   0x001fb4    program     extern C:\ProjetosPICMINAS\ProjetoConclusao\my_xlcd.c
       XLCD_escrever_byte   0x001dfe    program     extern C:\ProjetosPICMINAS\ProjetoConclusao\my_xlcd.c
 XLCD_escrever_rom_string   0x001f66    program     extern C:\ProjetosPICMINAS\ProjetoConclusao\my_xlcd.c
     XLCD_escrever_string   0x001f26    program     extern C:\ProjetosPICMINAS\ProjetoConclusao\my_xlcd.c
            XLCD_executar   0x001d66    program     extern C:\ProjetosPICMINAS\ProjetoConclusao\my_xlcd.c
             XLCD_iniciar   0x001ca8    program     extern C:\ProjetosPICMINAS\ProjetoConclusao\my_xlcd.c
              XLCD_limpar   0x001faa    program     extern C:\ProjetosPICMINAS\ProjetoConclusao\my_xlcd.c
          XLCD_posicionar   0x001e96    program     extern C:\ProjetosPICMINAS\ProjetoConclusao\my_xlcd.c
                   _2jEnd   0x002482    program     static C:\MCC18\src\traditional\stdclib\slenpgm.asm
       _D10KTCYXCODE_0010   0x00263c    program     static C:\MCC18\src\traditional\delays\d10ktcyx.asm
       _D10KTCYXCODE_001C   0x002648    program     static C:\MCC18\src\traditional\delays\d10ktcyx.asm
        _D1KTCYXCODE_0010   0x0026e2    program     static C:\MCC18\src\traditional\delays\d1ktcyx.asm
        _D1KTCYXCODE_0016   0x0026e8    program     static C:\MCC18\src\traditional\delays\d1ktcyx.asm
         ___else_lbl00089   0x001b36    program     static                          
          ___for_lbl00090   0x001b64    program     static                          
          ___for_lbl00091   0x001b6a    program     static                          
          ___for_lbl00092   0x001b4a    program     static                          
           ___if_lbl00088   0x001b46    program     static                          
           ___if_lbl00093   0x001b6e    program     static                          
       ___return_lbl00000   0x002744    program     static                          
       ___return_lbl00000   0x002684    program     static                          
       ___return_lbl00000   0x002540    program     static                          
       ___return_lbl00000   0x000004    program     static                          
       ___return_lbl00000   0x002430    program     static                          
       ___return_lbl00001   0x00270c    program     static                          
       ___return_lbl00002   0x00233c    program     static                          
       ___return_lbl00008   0x000804    program     static                          
       ___return_lbl00009   0x00080c    program     static                          
       ___return_lbl00010   0x00081c    program     static                          
       ___return_lbl00086   0x001bc2    program     static                          
                   __init   0x002768    program     extern C:\MCC18\src\traditional\stdclib\__init.c
                   __pa_0   0x001184    program     static C:\MCC18\src\traditional\stdclib\vfprintf.c
                   __pa_1   0x00118c    program     static C:\MCC18\src\traditional\stdclib\vfprintf.c
                  __pa_10   0x001240    program     static C:\MCC18\src\traditional\stdclib\vfprintf.c
                  __pa_11   0x00124e    program     static C:\MCC18\src\traditional\stdclib\vfprintf.c
                  __pa_12   0x001264    program     static C:\MCC18\src\traditional\stdclib\vfprintf.c
                  __pa_13   0x00127e    program     static C:\MCC18\src\traditional\stdclib\vfprintf.c
                  __pa_14   0x001296    program     static C:\MCC18\src\traditional\stdclib\vfprintf.c
                  __pa_15   0x0012a6    program     static C:\MCC18\src\traditional\stdclib\vfprintf.c
                  __pa_16   0x0012bc    program     static C:\MCC18\src\traditional\stdclib\vfprintf.c
                  __pa_17   0x0012ce    program     static C:\MCC18\src\traditional\stdclib\vfprintf.c
                  __pa_18   0x0012e0    program     static C:\MCC18\src\traditional\stdclib\vfprintf.c
                  __pa_19   0x0012ea    program     static C:\MCC18\src\traditional\stdclib\vfprintf.c
                   __pa_2   0x001196    program     static C:\MCC18\src\traditional\stdclib\vfprintf.c
                  __pa_20   0x0012fa    program     static C:\MCC18\src\traditional\stdclib\vfprintf.c
                  __pa_21   0x00130a    program     static C:\MCC18\src\traditional\stdclib\vfprintf.c
                  __pa_22   0x00131a    program     static C:\MCC18\src\traditional\stdclib\vfprintf.c
                  __pa_23   0x001326    program     static C:\MCC18\src\traditional\stdclib\vfprintf.c
                  __pa_24   0x001334    program     static C:\MCC18\src\traditional\stdclib\vfprintf.c
                  __pa_25   0x00133c    program     static C:\MCC18\src\traditional\stdclib\vfprintf.c
                  __pa_26   0x001346    program     static C:\MCC18\src\traditional\stdclib\vfprintf.c
                  __pa_27   0x001350    program     static C:\MCC18\src\traditional\stdclib\vfprintf.c
                  __pa_28   0x001358    program     static C:\MCC18\src\traditional\stdclib\vfprintf.c
                  __pa_29   0x001366    program     static C:\MCC18\src\traditional\stdclib\vfprintf.c
                   __pa_3   0x0011a0    program     static C:\MCC18\src\traditional\stdclib\vfprintf.c
                  __pa_30   0x001382    program     static C:\MCC18\src\traditional\stdclib\vfprintf.c
                  __pa_31   0x00139c    program     static C:\MCC18\src\traditional\stdclib\vfprintf.c
                  __pa_32   0x0013b6    program     static C:\MCC18\src\traditional\stdclib\vfprintf.c
                  __pa_33   0x0013ce    program     static C:\MCC18\src\traditional\stdclib\vfprintf.c
                  __pa_34   0x0013d8    program     static C:\MCC18\src\traditional\stdclib\vfprintf.c
                  __pa_35   0x0013e6    program     static C:\MCC18\src\traditional\stdclib\vfprintf.c
                  __pa_36   0x0013ee    program     static C:\MCC18\src\traditional\stdclib\vfprintf.c
                  __pa_37   0x0013f8    program     static C:\MCC18\src\traditional\stdclib\vfprintf.c
                  __pa_38   0x001408    program     static C:\MCC18\src\traditional\stdclib\vfprintf.c
                  __pa_39   0x001416    program     static C:\MCC18\src\traditional\stdclib\vfprintf.c
                   __pa_4   0x0011b8    program     static C:\MCC18\src\traditional\stdclib\vfprintf.c
                  __pa_40   0x001422    program     static C:\MCC18\src\traditional\stdclib\vfprintf.c
                  __pa_41   0x00142e    program     static C:\MCC18\src\traditional\stdclib\vfprintf.c
                  __pa_42   0x001436    program     static C:\MCC18\src\traditional\stdclib\vfprintf.c
                  __pa_43   0x001440    program     static C:\MCC18\src\traditional\stdclib\vfprintf.c
                  __pa_44   0x001446    program     static C:\MCC18\src\traditional\stdclib\vfprintf.c
                  __pa_45   0x001450    program     static C:\MCC18\src\traditional\stdclib\vfprintf.c
                  __pa_46   0x00145c    program     static C:\MCC18\src\traditional\stdclib\vfprintf.c
                   __pa_5   0x0011cc    program     static C:\MCC18\src\traditional\stdclib\vfprintf.c
                   __pa_6   0x0011e8    program     static C:\MCC18\src\traditional\stdclib\vfprintf.c
                   __pa_7   0x0011f2    program     static C:\MCC18\src\traditional\stdclib\vfprintf.c
                   __pa_8   0x0011fe    program     static C:\MCC18\src\traditional\stdclib\vfprintf.c
                   __pa_9   0x001220    program     static C:\MCC18\src\traditional\stdclib\vfprintf.c
               __string_0   0x00269d    program     static C:\ProjetosPICMINAS\ProjetoConclusao\actions.c
               __string_1   0x00268c    program     static C:\ProjetosPICMINAS\ProjetoConclusao\actions.c
               __string_2   0x002686    program     static C:\ProjetosPICMINAS\ProjetoConclusao\actions.c
              __tmplbl_16   0x001b10    program     static                          
              __tmplbl_17   0x001b08    program     static                          
              __tmplbl_42   0x00131a    program     static                          
              __tmplbl_43   0x001162    program     static                          
              __tmplbl_44   0x001148    program     static                          
              __tmplbl_85   0x00089a    program     static                          
            __zero_memory   0x002758    program     extern C:\MCC18\src\traditional\proc\p18F4550.asm
                _do_cinit   0x0022a0    program     extern C:\MCC18\src\traditional\startup\c018i.c
                   _entry   0x000000    program     extern C:\MCC18\src\traditional\startup\c018i.c
                   _false   0x00253c    program     static                          
                _high_ISR   0x000808    program     extern C:\ProjetosPICMINAS\ProjetoConclusao\main.c
                 _low_ISR   0x000818    program     extern C:\ProjetosPICMINAS\ProjetoConclusao\main.c
                   _reset   0x000800    program     extern C:\ProjetosPICMINAS\ProjetoConclusao\main.c
                 _startup   0x0026f2    program     extern C:\MCC18\src\traditional\startup\c018i.c
              _usart_putc   0x00270e    program     extern C:\MCC18\src\pmc_common\USART\_usartpc.asm
               _user_putc   0x002766    program     extern C:\MCC18\src\traditional\stdclib\_user_putc.c
           barra_desenhar   0x001906    program     extern C:\ProjetosPICMINAS\ProjetoConclusao\actions.c
            barra_iniciar   0x0019fe    program     extern C:\ProjetosPICMINAS\ProjetoConclusao\actions.c
             barra_limpar   0x0018a0    program     extern C:\ProjetosPICMINAS\ProjetoConclusao\actions.c
    barra_proxima_posicao   0x0017c6    program     extern C:\ProjetosPICMINAS\ProjetoConclusao\actions.c
    bola_calcular_direcao   0x001756    program     extern C:\ProjetosPICMINAS\ProjetoConclusao\actions.c
            bola_desenhar   0x0014f6    program     extern C:\ProjetosPICMINAS\ProjetoConclusao\actions.c
             bola_iniciar   0x001786    program     extern C:\ProjetosPICMINAS\ProjetoConclusao\actions.c
              bola_limpar   0x001738    program     extern C:\ProjetosPICMINAS\ProjetoConclusao\actions.c
     bola_proxima_posicao   0x001466    program     extern C:\ProjetosPICMINAS\ProjetoConclusao\actions.c
               clear_loop   0x00275e    program     static C:\MCC18\src\traditional\proc\p18F4550.asm
  configurar_interrupcoes   0x0024b6    program     extern C:\ProjetosPICMINAS\ProjetoConclusao\config.c
       configurar_sistema   0x002498    program     extern C:\ProjetosPICMINAS\ProjetoConclusao\config.c
                copy_loop   0x002312    program     static                          
            copy_one_byte   0x002318    program     static                          
                     done   0x00233c    program     static                          
             done_copying   0x002326    program     static                          
                  endloop   0x002740    program     static                          
                  endloop   0x002680    program     static                          
             iniciar_jogo   0x001bd6    program     extern C:\ProjetosPICMINAS\ProjetoConclusao\actions.c
                  isdigit   0x0026ae    program     extern C:\MCC18\src\traditional\stdclib\isdigit.asm
                     jEnd   0x00244c    program     static C:\MCC18\src\traditional\stdclib\strlen.asm
                     jEnd   0x002484    program     static C:\MCC18\src\traditional\stdclib\slenpgm.asm
                    jLoop   0x00246c    program     static C:\MCC18\src\traditional\stdclib\slenpgm.asm
                    jLoop   0x002442    program     static C:\MCC18\src\traditional\stdclib\strlen.asm
                   jMatch   0x0026ce    program     static C:\MCC18\src\traditional\stdclib\isdigit.asm
                 jNoMatch   0x0026d0    program     static C:\MCC18\src\traditional\stdclib\isdigit.asm
                    jogar   0x001c10    program     static C:\ProjetosPICMINAS\ProjetoConclusao\actions.c
                     loop   0x002508    program     static                          
                     loop   0x00271e    program     static C:\MCC18\src\pmc_common\USART\_usartpc.asm
                     loop   0x002664    program     static                          
                     loop   0x002702    program     static                          
                     loop   0x002732    program     static                          
                     main   0x001fbe    program     extern C:\ProjetosPICMINAS\ProjetoConclusao\main.c
                   placar   0x001af4    program     static C:\ProjetosPICMINAS\ProjetoConclusao\actions.c
                     putc   0x00233e    program     extern C:\MCC18\src\traditional\stdclib\putc.c
                 s_digits   0x002746    program     static C:\MCC18\src\traditional\stdclib\vfprintf.c
            s_put_n_chars   0x000844    program     static C:\MCC18\src\traditional\stdclib\vfprintf.c
                  sprintf   0x00214e    program     extern C:\MCC18\src\traditional\stdclib\sprintf.c
                   strlen   0x002432    program     extern C:\MCC18\src\traditional\stdclib\strlen.asm
                strlenpgm   0x00244e    program     extern C:\MCC18\src\traditional\stdclib\slenpgm.asm
                     test   0x0022ba    program     static                          
    tratar_high_interrupt   0x001fc6    program     extern C:\ProjetosPICMINAS\ProjetoConclusao\main.c
     tratar_low_interrupt   0x00207a    program     extern C:\ProjetosPICMINAS\ProjetoConclusao\main.c
        verificar_colisao   0x001a3c    program     static C:\ProjetosPICMINAS\ProjetoConclusao\actions.c
                 vfprintf   0x000870    program     extern C:\MCC18\src\traditional\stdclib\vfprintf.c
                   ADCON0   0x000fc2       data     extern C:\MCC18\src\traditional\proc\p18F4550.asm
               ADCON0bits   0x000fc2       data     extern C:\MCC18\src\traditional\proc\p18F4550.asm
                   ADCON1   0x000fc1       data     extern C:\MCC18\src\traditional\proc\p18F4550.asm
               ADCON1bits   0x000fc1       data     extern C:\MCC18\src\traditional\proc\p18F4550.asm
                   ADCON2   0x000fc0       data     extern C:\MCC18\src\traditional\proc\p18F4550.asm
               ADCON2bits   0x000fc0       data     extern C:\MCC18\src\traditional\proc\p18F4550.asm
                    ADRES   0x000fc3       data     extern C:\MCC18\src\traditional\proc\p18F4550.asm
                   ADRESH   0x000fc4       data     extern C:\MCC18\src\traditional\proc\p18F4550.asm
                   ADRESL   0x000fc3       data     extern C:\MCC18\src\traditional\proc\p18F4550.asm
                  BAUDCON   0x000fb8       data     extern C:\MCC18\src\traditional\proc\p18F4550.asm
              BAUDCONbits   0x000fb8       data     extern C:\MCC18\src\traditional\proc\p18F4550.asm
                      BSR   0x000fe0       data     extern C:\MCC18\src\traditional\proc\p18F4550.asm
                   CCP1AS   0x000fb6       data     extern C:\MCC18\src\traditional\proc\p18F4550.asm
               CCP1ASbits   0x000fb6       data     extern C:\MCC18\src\traditional\proc\p18F4550.asm
                  CCP1CON   0x000fbd       data     extern C:\MCC18\src\traditional\proc\p18F4550.asm
              CCP1CONbits   0x000fbd       data     extern C:\MCC18\src\traditional\proc\p18F4550.asm
                  CCP1DEL   0x000fb7       data     extern C:\MCC18\src\traditional\proc\p18F4550.asm
              CCP1DELbits   0x000fb7       data     extern C:\MCC18\src\traditional\proc\p18F4550.asm
                  CCP2CON   0x000fba       data     extern C:\MCC18\src\traditional\proc\p18F4550.asm
              CCP2CONbits   0x000fba       data     extern C:\MCC18\src\traditional\proc\p18F4550.asm
                    CCPR1   0x000fbe       data     extern C:\MCC18\src\traditional\proc\p18F4550.asm
                   CCPR1H   0x000fbf       data     extern C:\MCC18\src\traditional\proc\p18F4550.asm
                   CCPR1L   0x000fbe       data     extern C:\MCC18\src\traditional\proc\p18F4550.asm
                    CCPR2   0x000fbb       data     extern C:\MCC18\src\traditional\proc\p18F4550.asm
                   CCPR2H   0x000fbc       data     extern C:\MCC18\src\traditional\proc\p18F4550.asm
                   CCPR2L   0x000fbb       data     extern C:\MCC18\src\traditional\proc\p18F4550.asm
              CGRAM_cache   0x00007a       data     static C:\ProjetosPICMINAS\ProjetoConclusao\actions.h
              CGRAM_cache   0x0000ac       data     static C:\ProjetosPICMINAS\ProjetoConclusao\actions.h
                    CMCON   0x000fb4       data     extern C:\MCC18\src\traditional\proc\p18F4550.asm
                CMCONbits   0x000fb4       data     extern C:\MCC18\src\traditional\proc\p18F4550.asm
                   CVRCON   0x000fb5       data     extern C:\MCC18\src\traditional\proc\p18F4550.asm
               CVRCONbits   0x000fb5       data     extern C:\MCC18\src\traditional\proc\p18F4550.asm
                     DDRA   0x000f92       data     extern C:\MCC18\src\traditional\proc\p18F4550.asm
                 DDRAbits   0x000f92       data     extern C:\MCC18\src\traditional\proc\p18F4550.asm
                     DDRB   0x000f93       data     extern C:\MCC18\src\traditional\proc\p18F4550.asm
                 DDRBbits   0x000f93       data     extern C:\MCC18\src\traditional\proc\p18F4550.asm
                     DDRC   0x000f94       data     extern C:\MCC18\src\traditional\proc\p18F4550.asm
                 DDRCbits   0x000f94       data     extern C:\MCC18\src\traditional\proc\p18F4550.asm
                     DDRD   0x000f95       data     extern C:\MCC18\src\traditional\proc\p18F4550.asm
                 DDRDbits   0x000f95       data     extern C:\MCC18\src\traditional\proc\p18F4550.asm
                     DDRE   0x000f96       data     extern C:\MCC18\src\traditional\proc\p18F4550.asm
                 DDREbits   0x000f96       data     extern C:\MCC18\src\traditional\proc\p18F4550.asm
            DelayCounter1   0x00001c       data     extern C:\MCC18\src\traditional\delays\delayd1.asm
            DelayCounter2   0x00001b       data     extern C:\MCC18\src\traditional\delays\delayd2.asm
                  ECCP1AS   0x000fb6       data     extern C:\MCC18\src\traditional\proc\p18F4550.asm
              ECCP1ASbits   0x000fb6       data     extern C:\MCC18\src\traditional\proc\p18F4550.asm
                 ECCP1CON   0x000fbd       data     extern C:\MCC18\src\traditional\proc\p18F4550.asm
             ECCP1CONbits   0x000fbd       data     extern C:\MCC18\src\traditional\proc\p18F4550.asm
                 ECCP1DEL   0x000fb7       data     extern C:\MCC18\src\traditional\proc\p18F4550.asm
             ECCP1DELbits   0x000fb7       data     extern C:\MCC18\src\traditional\proc\p18F4550.asm
                    EEADR   0x000fa9       data     extern C:\MCC18\src\traditional\proc\p18F4550.asm
                   EECON1   0x000fa6       data     extern C:\MCC18\src\traditional\proc\p18F4550.asm
               EECON1bits   0x000fa6       data     extern C:\MCC18\src\traditional\proc\p18F4550.asm
                   EECON2   0x000fa7       data     extern C:\MCC18\src\traditional\proc\p18F4550.asm
                   EEDATA   0x000fa8       data     extern C:\MCC18\src\traditional\proc\p18F4550.asm
                     FSR0   0x000fe9       data     extern C:\MCC18\src\traditional\proc\p18F4550.asm
                    FSR0H   0x000fea       data     extern C:\MCC18\src\traditional\proc\p18F4550.asm
                    FSR0L   0x000fe9       data     extern C:\MCC18\src\traditional\proc\p18F4550.asm
                     FSR1   0x000fe1       data     extern C:\MCC18\src\traditional\proc\p18F4550.asm
                    FSR1H   0x000fe2       data     extern C:\MCC18\src\traditional\proc\p18F4550.asm
                    FSR1L   0x000fe1       data     extern C:\MCC18\src\traditional\proc\p18F4550.asm
                     FSR2   0x000fd9       data     extern C:\MCC18\src\traditional\proc\p18F4550.asm
                    FSR2H   0x000fda       data     extern C:\MCC18\src\traditional\proc\p18F4550.asm
                    FSR2L   0x000fd9       data     extern C:\MCC18\src\traditional\proc\p18F4550.asm
                  HLVDCON   0x000fd2       data     extern C:\MCC18\src\traditional\proc\p18F4550.asm
              HLVDCONbits   0x000fd2       data     extern C:\MCC18\src\traditional\proc\p18F4550.asm
                    INDF0   0x000fef       data     extern C:\MCC18\src\traditional\proc\p18F4550.asm
                    INDF1   0x000fe7       data     extern C:\MCC18\src\traditional\proc\p18F4550.asm
                    INDF2   0x000fdf       data     extern C:\MCC18\src\traditional\proc\p18F4550.asm
                   INTCON   0x000ff2       data     extern C:\MCC18\src\traditional\proc\p18F4550.asm
                  INTCON2   0x000ff1       data     extern C:\MCC18\src\traditional\proc\p18F4550.asm
              INTCON2bits   0x000ff1       data     extern C:\MCC18\src\traditional\proc\p18F4550.asm
                  INTCON3   0x000ff0       data     extern C:\MCC18\src\traditional\proc\p18F4550.asm
              INTCON3bits   0x000ff0       data     extern C:\MCC18\src\traditional\proc\p18F4550.asm
               INTCONbits   0x000ff2       data     extern C:\MCC18\src\traditional\proc\p18F4550.asm
                     IPR1   0x000f9f       data     extern C:\MCC18\src\traditional\proc\p18F4550.asm
                 IPR1bits   0x000f9f       data     extern C:\MCC18\src\traditional\proc\p18F4550.asm
                     IPR2   0x000fa2       data     extern C:\MCC18\src\traditional\proc\p18F4550.asm
                 IPR2bits   0x000fa2       data     extern C:\MCC18\src\traditional\proc\p18F4550.asm
                     LATA   0x000f89       data     extern C:\MCC18\src\traditional\proc\p18F4550.asm
                 LATAbits   0x000f89       data     extern C:\MCC18\src\traditional\proc\p18F4550.asm
                     LATB   0x000f8a       data     extern C:\MCC18\src\traditional\proc\p18F4550.asm
                 LATBbits   0x000f8a       data     extern C:\MCC18\src\traditional\proc\p18F4550.asm
                     LATC   0x000f8b       data     extern C:\MCC18\src\traditional\proc\p18F4550.asm
                 LATCbits   0x000f8b       data     extern C:\MCC18\src\traditional\proc\p18F4550.asm
                     LATD   0x000f8c       data     extern C:\MCC18\src\traditional\proc\p18F4550.asm
                 LATDbits   0x000f8c       data     extern C:\MCC18\src\traditional\proc\p18F4550.asm
                     LATE   0x000f8d       data     extern C:\MCC18\src\traditional\proc\p18F4550.asm
                 LATEbits   0x000f8d       data     extern C:\MCC18\src\traditional\proc\p18F4550.asm
                   LVDCON   0x000fd2       data     extern C:\MCC18\src\traditional\proc\p18F4550.asm
               LVDCONbits   0x000fd2       data     extern C:\MCC18\src\traditional\proc\p18F4550.asm
                   OSCCON   0x000fd3       data     extern C:\MCC18\src\traditional\proc\p18F4550.asm
               OSCCONbits   0x000fd3       data     extern C:\MCC18\src\traditional\proc\p18F4550.asm
                  OSCTUNE   0x000f9b       data     extern C:\MCC18\src\traditional\proc\p18F4550.asm
              OSCTUNEbits   0x000f9b       data     extern C:\MCC18\src\traditional\proc\p18F4550.asm
                       PC   0x000ff9       data     extern C:\MCC18\src\traditional\proc\p18F4550.asm
                      PCL   0x000ff9       data     extern C:\MCC18\src\traditional\proc\p18F4550.asm
                   PCLATH   0x000ffa       data     extern C:\MCC18\src\traditional\proc\p18F4550.asm
                   PCLATU   0x000ffb       data     extern C:\MCC18\src\traditional\proc\p18F4550.asm
                     PIE1   0x000f9d       data     extern C:\MCC18\src\traditional\proc\p18F4550.asm
                 PIE1bits   0x000f9d       data     extern C:\MCC18\src\traditional\proc\p18F4550.asm
                     PIE2   0x000fa0       data     extern C:\MCC18\src\traditional\proc\p18F4550.asm
                 PIE2bits   0x000fa0       data     extern C:\MCC18\src\traditional\proc\p18F4550.asm
                     PIR1   0x000f9e       data     extern C:\MCC18\src\traditional\proc\p18F4550.asm
                 PIR1bits   0x000f9e       data     extern C:\MCC18\src\traditional\proc\p18F4550.asm
                     PIR2   0x000fa1       data     extern C:\MCC18\src\traditional\proc\p18F4550.asm
                 PIR2bits   0x000fa1       data     extern C:\MCC18\src\traditional\proc\p18F4550.asm
                   PLUSW0   0x000feb       data     extern C:\MCC18\src\traditional\proc\p18F4550.asm
                   PLUSW1   0x000fe3       data     extern C:\MCC18\src\traditional\proc\p18F4550.asm
                   PLUSW2   0x000fdb       data     extern C:\MCC18\src\traditional\proc\p18F4550.asm
                    PORTA   0x000f80       data     extern C:\MCC18\src\traditional\proc\p18F4550.asm
                PORTAbits   0x000f80       data     extern C:\MCC18\src\traditional\proc\p18F4550.asm
                    PORTB   0x000f81       data     extern C:\MCC18\src\traditional\proc\p18F4550.asm
                PORTBbits   0x000f81       data     extern C:\MCC18\src\traditional\proc\p18F4550.asm
                    PORTC   0x000f82       data     extern C:\MCC18\src\traditional\proc\p18F4550.asm
                PORTCbits   0x000f82       data     extern C:\MCC18\src\traditional\proc\p18F4550.asm
                    PORTD   0x000f83       data     extern C:\MCC18\src\traditional\proc\p18F4550.asm
                PORTDbits   0x000f83       data     extern C:\MCC18\src\traditional\proc\p18F4550.asm
                    PORTE   0x000f84       data     extern C:\MCC18\src\traditional\proc\p18F4550.asm
                PORTEbits   0x000f84       data     extern C:\MCC18\src\traditional\proc\p18F4550.asm
                 POSTDEC0   0x000fed       data     extern C:\MCC18\src\traditional\proc\p18F4550.asm
                 POSTDEC1   0x000fe5       data     extern C:\MCC18\src\traditional\proc\p18F4550.asm
                 POSTDEC2   0x000fdd       data     extern C:\MCC18\src\traditional\proc\p18F4550.asm
                 POSTINC0   0x000fee       data     extern C:\MCC18\src\traditional\proc\p18F4550.asm
                 POSTINC1   0x000fe6       data     extern C:\MCC18\src\traditional\proc\p18F4550.asm
                 POSTINC2   0x000fde       data     extern C:\MCC18\src\traditional\proc\p18F4550.asm
                      PR2   0x000fcb       data     extern C:\MCC18\src\traditional\proc\p18F4550.asm
                  PREINC0   0x000fec       data     extern C:\MCC18\src\traditional\proc\p18F4550.asm
                  PREINC1   0x000fe4       data     extern C:\MCC18\src\traditional\proc\p18F4550.asm
                  PREINC2   0x000fdc       data     extern C:\MCC18\src\traditional\proc\p18F4550.asm
                     PROD   0x000ff3       data     extern C:\MCC18\src\traditional\proc\p18F4550.asm
                    PRODH   0x000ff4       data     extern C:\MCC18\src\traditional\proc\p18F4550.asm
                    PRODL   0x000ff3       data     extern C:\MCC18\src\traditional\proc\p18F4550.asm
                     RCON   0x000fd0       data     extern C:\MCC18\src\traditional\proc\p18F4550.asm
                 RCONbits   0x000fd0       data     extern C:\MCC18\src\traditional\proc\p18F4550.asm
                    RCREG   0x000fae       data     extern C:\MCC18\src\traditional\proc\p18F4550.asm
                    RCSTA   0x000fab       data     extern C:\MCC18\src\traditional\proc\p18F4550.asm
                RCSTAbits   0x000fab       data     extern C:\MCC18\src\traditional\proc\p18F4550.asm
                     SIGN   0x000000       data     extern C:\MCC18\src\traditional\math\cmath18.asm
                    SPBRG   0x000faf       data     extern C:\MCC18\src\traditional\proc\p18F4550.asm
                   SPBRGH   0x000fb0       data     extern C:\MCC18\src\traditional\proc\p18F4550.asm
                   SPPCFG   0x000f63       data     extern C:\MCC18\src\traditional\proc\p18F4550.asm
               SPPCFGbits   0x000f63       data     extern C:\MCC18\src\traditional\proc\p18F4550.asm
                   SPPCON   0x000f65       data     extern C:\MCC18\src\traditional\proc\p18F4550.asm
               SPPCONbits   0x000f65       data     extern C:\MCC18\src\traditional\proc\p18F4550.asm
                  SPPDATA   0x000f62       data     extern C:\MCC18\src\traditional\proc\p18F4550.asm
                   SPPEPS   0x000f64       data     extern C:\MCC18\src\traditional\proc\p18F4550.asm
               SPPEPSbits   0x000f64       data     extern C:\MCC18\src\traditional\proc\p18F4550.asm
                   SSPADD   0x000fc8       data     extern C:\MCC18\src\traditional\proc\p18F4550.asm
                   SSPBUF   0x000fc9       data     extern C:\MCC18\src\traditional\proc\p18F4550.asm
                  SSPCON1   0x000fc6       data     extern C:\MCC18\src\traditional\proc\p18F4550.asm
              SSPCON1bits   0x000fc6       data     extern C:\MCC18\src\traditional\proc\p18F4550.asm
                  SSPCON2   0x000fc5       data     extern C:\MCC18\src\traditional\proc\p18F4550.asm
              SSPCON2bits   0x000fc5       data     extern C:\MCC18\src\traditional\proc\p18F4550.asm
                  SSPSTAT   0x000fc7       data     extern C:\MCC18\src\traditional\proc\p18F4550.asm
              SSPSTATbits   0x000fc7       data     extern C:\MCC18\src\traditional\proc\p18F4550.asm
                   STATUS   0x000fd8       data     extern C:\MCC18\src\traditional\proc\p18F4550.asm
               STATUSbits   0x000fd8       data     extern C:\MCC18\src\traditional\proc\p18F4550.asm
                   STKPTR   0x000ffc       data     extern C:\MCC18\src\traditional\proc\p18F4550.asm
               STKPTRbits   0x000ffc       data     extern C:\MCC18\src\traditional\proc\p18F4550.asm
                    T0CON   0x000fd5       data     extern C:\MCC18\src\traditional\proc\p18F4550.asm
                T0CONbits   0x000fd5       data     extern C:\MCC18\src\traditional\proc\p18F4550.asm
                    T1CON   0x000fcd       data     extern C:\MCC18\src\traditional\proc\p18F4550.asm
                T1CONbits   0x000fcd       data     extern C:\MCC18\src\traditional\proc\p18F4550.asm
                    T2CON   0x000fca       data     extern C:\MCC18\src\traditional\proc\p18F4550.asm
                T2CONbits   0x000fca       data     extern C:\MCC18\src\traditional\proc\p18F4550.asm
                    T3CON   0x000fb1       data     extern C:\MCC18\src\traditional\proc\p18F4550.asm
                T3CONbits   0x000fb1       data     extern C:\MCC18\src\traditional\proc\p18F4550.asm
                   TABLAT   0x000ff5       data     extern C:\MCC18\src\traditional\proc\p18F4550.asm
                   TBLPTR   0x000ff6       data     extern C:\MCC18\src\traditional\proc\p18F4550.asm
                  TBLPTRH   0x000ff7       data     extern C:\MCC18\src\traditional\proc\p18F4550.asm
                  TBLPTRL   0x000ff6       data     extern C:\MCC18\src\traditional\proc\p18F4550.asm
                  TBLPTRU   0x000ff8       data     extern C:\MCC18\src\traditional\proc\p18F4550.asm
                    TMR0H   0x000fd7       data     extern C:\MCC18\src\traditional\proc\p18F4550.asm
                    TMR0L   0x000fd6       data     extern C:\MCC18\src\traditional\proc\p18F4550.asm
                    TMR1H   0x000fcf       data     extern C:\MCC18\src\traditional\proc\p18F4550.asm
                    TMR1L   0x000fce       data     extern C:\MCC18\src\traditional\proc\p18F4550.asm
                     TMR2   0x000fcc       data     extern C:\MCC18\src\traditional\proc\p18F4550.asm
                    TMR3H   0x000fb3       data     extern C:\MCC18\src\traditional\proc\p18F4550.asm
                    TMR3L   0x000fb2       data     extern C:\MCC18\src\traditional\proc\p18F4550.asm
                      TOS   0x000ffd       data     extern C:\MCC18\src\traditional\proc\p18F4550.asm
                     TOSH   0x000ffe       data     extern C:\MCC18\src\traditional\proc\p18F4550.asm
                     TOSL   0x000ffd       data     extern C:\MCC18\src\traditional\proc\p18F4550.asm
                     TOSU   0x000fff       data     extern C:\MCC18\src\traditional\proc\p18F4550.asm
                    TRISA   0x000f92       data     extern C:\MCC18\src\traditional\proc\p18F4550.asm
                TRISAbits   0x000f92       data     extern C:\MCC18\src\traditional\proc\p18F4550.asm
                    TRISB   0x000f93       data     extern C:\MCC18\src\traditional\proc\p18F4550.asm
                TRISBbits   0x000f93       data     extern C:\MCC18\src\traditional\proc\p18F4550.asm
                    TRISC   0x000f94       data     extern C:\MCC18\src\traditional\proc\p18F4550.asm
                TRISCbits   0x000f94       data     extern C:\MCC18\src\traditional\proc\p18F4550.asm
                    TRISD   0x000f95       data     extern C:\MCC18\src\traditional\proc\p18F4550.asm
                TRISDbits   0x000f95       data     extern C:\MCC18\src\traditional\proc\p18F4550.asm
                    TRISE   0x000f96       data     extern C:\MCC18\src\traditional\proc\p18F4550.asm
                TRISEbits   0x000f96       data     extern C:\MCC18\src\traditional\proc\p18F4550.asm
                    TXREG   0x000fad       data     extern C:\MCC18\src\traditional\proc\p18F4550.asm
                    TXSTA   0x000fac       data     extern C:\MCC18\src\traditional\proc\p18F4550.asm
                TXSTAbits   0x000fac       data     extern C:\MCC18\src\traditional\proc\p18F4550.asm
                    UADDR   0x000f6e       data     extern C:\MCC18\src\traditional\proc\p18F4550.asm
                UADDRbits   0x000f6e       data     extern C:\MCC18\src\traditional\proc\p18F4550.asm
                     UCFG   0x000f6f       data     extern C:\MCC18\src\traditional\proc\p18F4550.asm
                 UCFGbits   0x000f6f       data     extern C:\MCC18\src\traditional\proc\p18F4550.asm
                     UCON   0x000f6d       data     extern C:\MCC18\src\traditional\proc\p18F4550.asm
                 UCONbits   0x000f6d       data     extern C:\MCC18\src\traditional\proc\p18F4550.asm
                     UEIE   0x000f6b       data     extern C:\MCC18\src\traditional\proc\p18F4550.asm
                 UEIEbits   0x000f6b       data     extern C:\MCC18\src\traditional\proc\p18F4550.asm
                     UEIR   0x000f6a       data     extern C:\MCC18\src\traditional\proc\p18F4550.asm
                 UEIRbits   0x000f6a       data     extern C:\MCC18\src\traditional\proc\p18F4550.asm
                     UEP0   0x000f70       data     extern C:\MCC18\src\traditional\proc\p18F4550.asm
                 UEP0bits   0x000f70       data     extern C:\MCC18\src\traditional\proc\p18F4550.asm
                     UEP1   0x000f71       data     extern C:\MCC18\src\traditional\proc\p18F4550.asm
                    UEP10   0x000f7a       data     extern C:\MCC18\src\traditional\proc\p18F4550.asm
                UEP10bits   0x000f7a       data     extern C:\MCC18\src\traditional\proc\p18F4550.asm
                    UEP11   0x000f7b       data     extern C:\MCC18\src\traditional\proc\p18F4550.asm
                UEP11bits   0x000f7b       data     extern C:\MCC18\src\traditional\proc\p18F4550.asm
                    UEP12   0x000f7c       data     extern C:\MCC18\src\traditional\proc\p18F4550.asm
                UEP12bits   0x000f7c       data     extern C:\MCC18\src\traditional\proc\p18F4550.asm
                    UEP13   0x000f7d       data     extern C:\MCC18\src\traditional\proc\p18F4550.asm
                UEP13bits   0x000f7d       data     extern C:\MCC18\src\traditional\proc\p18F4550.asm
                    UEP14   0x000f7e       data     extern C:\MCC18\src\traditional\proc\p18F4550.asm
                UEP14bits   0x000f7e       data     extern C:\MCC18\src\traditional\proc\p18F4550.asm
                    UEP15   0x000f7f       data     extern C:\MCC18\src\traditional\proc\p18F4550.asm
                UEP15bits   0x000f7f       data     extern C:\MCC18\src\traditional\proc\p18F4550.asm
                 UEP1bits   0x000f71       data     extern C:\MCC18\src\traditional\proc\p18F4550.asm
                     UEP2   0x000f72       data     extern C:\MCC18\src\traditional\proc\p18F4550.asm
                 UEP2bits   0x000f72       data     extern C:\MCC18\src\traditional\proc\p18F4550.asm
                     UEP3   0x000f73       data     extern C:\MCC18\src\traditional\proc\p18F4550.asm
                 UEP3bits   0x000f73       data     extern C:\MCC18\src\traditional\proc\p18F4550.asm
                     UEP4   0x000f74       data     extern C:\MCC18\src\traditional\proc\p18F4550.asm
                 UEP4bits   0x000f74       data     extern C:\MCC18\src\traditional\proc\p18F4550.asm
                     UEP5   0x000f75       data     extern C:\MCC18\src\traditional\proc\p18F4550.asm
                 UEP5bits   0x000f75       data     extern C:\MCC18\src\traditional\proc\p18F4550.asm
                     UEP6   0x000f76       data     extern C:\MCC18\src\traditional\proc\p18F4550.asm
                 UEP6bits   0x000f76       data     extern C:\MCC18\src\traditional\proc\p18F4550.asm
                     UEP7   0x000f77       data     extern C:\MCC18\src\traditional\proc\p18F4550.asm
                 UEP7bits   0x000f77       data     extern C:\MCC18\src\traditional\proc\p18F4550.asm
                     UEP8   0x000f78       data     extern C:\MCC18\src\traditional\proc\p18F4550.asm
                 UEP8bits   0x000f78       data     extern C:\MCC18\src\traditional\proc\p18F4550.asm
                     UEP9   0x000f79       data     extern C:\MCC18\src\traditional\proc\p18F4550.asm
                 UEP9bits   0x000f79       data     extern C:\MCC18\src\traditional\proc\p18F4550.asm
                     UFRM   0x000f66       data     extern C:\MCC18\src\traditional\proc\p18F4550.asm
                    UFRMH   0x000f67       data     extern C:\MCC18\src\traditional\proc\p18F4550.asm
                UFRMHbits   0x000f67       data     extern C:\MCC18\src\traditional\proc\p18F4550.asm
                    UFRML   0x000f66       data     extern C:\MCC18\src\traditional\proc\p18F4550.asm
                UFRMLbits   0x000f66       data     extern C:\MCC18\src\traditional\proc\p18F4550.asm
                      UIE   0x000f69       data     extern C:\MCC18\src\traditional\proc\p18F4550.asm
                  UIEbits   0x000f69       data     extern C:\MCC18\src\traditional\proc\p18F4550.asm
                      UIR   0x000f68       data     extern C:\MCC18\src\traditional\proc\p18F4550.asm
                  UIRbits   0x000f68       data     extern C:\MCC18\src\traditional\proc\p18F4550.asm
                    USTAT   0x000f6c       data     extern C:\MCC18\src\traditional\proc\p18F4550.asm
                USTATbits   0x000f6c       data     extern C:\MCC18\src\traditional\proc\p18F4550.asm
                   WDTCON   0x000fd1       data     extern C:\MCC18\src\traditional\proc\p18F4550.asm
               WDTCONbits   0x000fd1       data     extern C:\MCC18\src\traditional\proc\p18F4550.asm
                     WREG   0x000fe8       data     extern C:\MCC18\src\traditional\proc\p18F4550.asm
                 __AARGB0   0x000009       data     extern C:\MCC18\src\traditional\math\aarg.asm
                 __AARGB1   0x000008       data     extern C:\MCC18\src\traditional\math\aarg.asm
                 __AARGB2   0x000007       data     extern C:\MCC18\src\traditional\math\aarg.asm
                 __AARGB3   0x000006       data     extern C:\MCC18\src\traditional\math\aarg.asm
                 __AARGB4   0x000005       data     extern C:\MCC18\src\traditional\math\aarg.asm
                 __AARGB5   0x000004       data     extern C:\MCC18\src\traditional\math\aarg.asm
                 __AARGB6   0x000003       data     extern C:\MCC18\src\traditional\math\aarg.asm
                 __AARGB7   0x000002       data     extern C:\MCC18\src\traditional\math\aarg.asm
                   __AEXP   0x00000a       data     extern C:\MCC18\src\traditional\math\aarg.asm
                 __BARGB0   0x00000e       data     extern C:\MCC18\src\traditional\math\barg.asm
                 __BARGB1   0x00000d       data     extern C:\MCC18\src\traditional\math\barg.asm
                 __BARGB2   0x00000c       data     extern C:\MCC18\src\traditional\math\barg.asm
                 __BARGB3   0x00000b       data     extern C:\MCC18\src\traditional\math\barg.asm
                   __BEXP   0x00000f       data     extern C:\MCC18\src\traditional\math\barg.asm
                __FPFLAGS   0x000001       data     extern C:\MCC18\src\traditional\math\cmath18.asm
            __FPFLAGSbits   0x000001       data     extern C:\MCC18\src\traditional\math\cmath18.asm
                  __REMB0   0x000005       data     extern C:\MCC18\src\traditional\math\aarg.asm
                  __REMB1   0x000004       data     extern C:\MCC18\src\traditional\math\aarg.asm
                  __REMB2   0x000003       data     extern C:\MCC18\src\traditional\math\aarg.asm
                  __REMB3   0x000002       data     extern C:\MCC18\src\traditional\math\aarg.asm
                   __TEMP   0x000013       data     extern C:\MCC18\src\traditional\math\temparg.asm
                 __TEMPB0   0x000013       data     extern C:\MCC18\src\traditional\math\temparg.asm
                 __TEMPB1   0x000012       data     extern C:\MCC18\src\traditional\math\temparg.asm
                 __TEMPB2   0x000011       data     extern C:\MCC18\src\traditional\math\temparg.asm
                 __TEMPB3   0x000010       data     extern C:\MCC18\src\traditional\math\temparg.asm
                  __tmp_0   0x000014       data     static C:\MCC18\src\traditional\stdclib\vfprintf.c
                  __tmp_0   0x000014       data     static C:\MCC18\src\traditional\stdclib\sprintf.c
                  __tmp_0   0x000014       data     static C:\MCC18\src\traditional\stdclib\putc.c
                  __tmp_0   0x000014       data     static C:\ProjetosPICMINAS\ProjetoConclusao\actions.c
      barra_down_debounce   0x0000d1       data     extern C:\ProjetosPICMINAS\ProjetoConclusao\actions.c
        barra_up_debounce   0x0000d0       data     extern C:\ProjetosPICMINAS\ProjetoConclusao\actions.c
                   barras   0x000092       data     static C:\ProjetosPICMINAS\ProjetoConclusao\actions.h
                   barras   0x000060       data     static C:\ProjetosPICMINAS\ProjetoConclusao\actions.h
                     bola   0x00009b       data     static C:\ProjetosPICMINAS\ProjetoConclusao\actions.h
                     bola   0x000069       data     static C:\ProjetosPICMINAS\ProjetoConclusao\actions.h
                curr_byte   0x0000c7       data     static C:\MCC18\src\traditional\startup\c018i.c
               curr_entry   0x0000c9       data     static C:\MCC18\src\traditional\startup\c018i.c
                 data_ptr   0x0000cb       data     static C:\MCC18\src\traditional\startup\c018i.c
          gols_na_direita   0x0000cf       data     static C:\ProjetosPICMINAS\ProjetoConclusao\actions.h
          gols_na_direita   0x0000d4       data     static C:\ProjetosPICMINAS\ProjetoConclusao\actions.h
         gols_na_esquerda   0x0000ce       data     static C:\ProjetosPICMINAS\ProjetoConclusao\actions.h
         gols_na_esquerda   0x0000d3       data     static C:\ProjetosPICMINAS\ProjetoConclusao\actions.h
   preescaler_fake_timer1   0x0000d2       data     extern C:\ProjetosPICMINAS\ProjetoConclusao\actions.c
                     prom   0x0000c4       data     static C:\MCC18\src\traditional\startup\c018i.c



                              Symbols - Sorted by Address
                     Name    Address   Location    Storage File                     
                ---------  ---------  ---------  --------- ---------                
                   _entry   0x000000    program     extern C:\MCC18\src\traditional\startup\c018i.c
       ___return_lbl00000   0x000004    program     static                          
                   _reset   0x000800    program     extern C:\ProjetosPICMINAS\ProjetoConclusao\main.c
       ___return_lbl00008   0x000804    program     static                          
                _high_ISR   0x000808    program     extern C:\ProjetosPICMINAS\ProjetoConclusao\main.c
       ___return_lbl00009   0x00080c    program     static                          
                 _low_ISR   0x000818    program     extern C:\ProjetosPICMINAS\ProjetoConclusao\main.c
       ___return_lbl00010   0x00081c    program     static                          
            s_put_n_chars   0x000844    program     static C:\MCC18\src\traditional\stdclib\vfprintf.c
                 vfprintf   0x000870    program     extern C:\MCC18\src\traditional\stdclib\vfprintf.c
              __tmplbl_85   0x00089a    program     static                          
              __tmplbl_44   0x001148    program     static                          
              __tmplbl_43   0x001162    program     static                          
                   __pa_0   0x001184    program     static C:\MCC18\src\traditional\stdclib\vfprintf.c
                   __pa_1   0x00118c    program     static C:\MCC18\src\traditional\stdclib\vfprintf.c
                   __pa_2   0x001196    program     static C:\MCC18\src\traditional\stdclib\vfprintf.c
                   __pa_3   0x0011a0    program     static C:\MCC18\src\traditional\stdclib\vfprintf.c
                   __pa_4   0x0011b8    program     static C:\MCC18\src\traditional\stdclib\vfprintf.c
                   __pa_5   0x0011cc    program     static C:\MCC18\src\traditional\stdclib\vfprintf.c
                   __pa_6   0x0011e8    program     static C:\MCC18\src\traditional\stdclib\vfprintf.c
                   __pa_7   0x0011f2    program     static C:\MCC18\src\traditional\stdclib\vfprintf.c
                   __pa_8   0x0011fe    program     static C:\MCC18\src\traditional\stdclib\vfprintf.c
                   __pa_9   0x001220    program     static C:\MCC18\src\traditional\stdclib\vfprintf.c
                  __pa_10   0x001240    program     static C:\MCC18\src\traditional\stdclib\vfprintf.c
                  __pa_11   0x00124e    program     static C:\MCC18\src\traditional\stdclib\vfprintf.c
                  __pa_12   0x001264    program     static C:\MCC18\src\traditional\stdclib\vfprintf.c
                  __pa_13   0x00127e    program     static C:\MCC18\src\traditional\stdclib\vfprintf.c
                  __pa_14   0x001296    program     static C:\MCC18\src\traditional\stdclib\vfprintf.c
                  __pa_15   0x0012a6    program     static C:\MCC18\src\traditional\stdclib\vfprintf.c
                  __pa_16   0x0012bc    program     static C:\MCC18\src\traditional\stdclib\vfprintf.c
                  __pa_17   0x0012ce    program     static C:\MCC18\src\traditional\stdclib\vfprintf.c
                  __pa_18   0x0012e0    program     static C:\MCC18\src\traditional\stdclib\vfprintf.c
                  __pa_19   0x0012ea    program     static C:\MCC18\src\traditional\stdclib\vfprintf.c
                  __pa_20   0x0012fa    program     static C:\MCC18\src\traditional\stdclib\vfprintf.c
                  __pa_21   0x00130a    program     static C:\MCC18\src\traditional\stdclib\vfprintf.c
                  __pa_22   0x00131a    program     static C:\MCC18\src\traditional\stdclib\vfprintf.c
              __tmplbl_42   0x00131a    program     static                          
                  __pa_23   0x001326    program     static C:\MCC18\src\traditional\stdclib\vfprintf.c
                  __pa_24   0x001334    program     static C:\MCC18\src\traditional\stdclib\vfprintf.c
                  __pa_25   0x00133c    program     static C:\MCC18\src\traditional\stdclib\vfprintf.c
                  __pa_26   0x001346    program     static C:\MCC18\src\traditional\stdclib\vfprintf.c
                  __pa_27   0x001350    program     static C:\MCC18\src\traditional\stdclib\vfprintf.c
                  __pa_28   0x001358    program     static C:\MCC18\src\traditional\stdclib\vfprintf.c
                  __pa_29   0x001366    program     static C:\MCC18\src\traditional\stdclib\vfprintf.c
                  __pa_30   0x001382    program     static C:\MCC18\src\traditional\stdclib\vfprintf.c
                  __pa_31   0x00139c    program     static C:\MCC18\src\traditional\stdclib\vfprintf.c
                  __pa_32   0x0013b6    program     static C:\MCC18\src\traditional\stdclib\vfprintf.c
                  __pa_33   0x0013ce    program     static C:\MCC18\src\traditional\stdclib\vfprintf.c
                  __pa_34   0x0013d8    program     static C:\MCC18\src\traditional\stdclib\vfprintf.c
                  __pa_35   0x0013e6    program     static C:\MCC18\src\traditional\stdclib\vfprintf.c
                  __pa_36   0x0013ee    program     static C:\MCC18\src\traditional\stdclib\vfprintf.c
                  __pa_37   0x0013f8    program     static C:\MCC18\src\traditional\stdclib\vfprintf.c
                  __pa_38   0x001408    program     static C:\MCC18\src\traditional\stdclib\vfprintf.c
                  __pa_39   0x001416    program     static C:\MCC18\src\traditional\stdclib\vfprintf.c
                  __pa_40   0x001422    program     static C:\MCC18\src\traditional\stdclib\vfprintf.c
                  __pa_41   0x00142e    program     static C:\MCC18\src\traditional\stdclib\vfprintf.c
                  __pa_42   0x001436    program     static C:\MCC18\src\traditional\stdclib\vfprintf.c
                  __pa_43   0x001440    program     static C:\MCC18\src\traditional\stdclib\vfprintf.c
                  __pa_44   0x001446    program     static C:\MCC18\src\traditional\stdclib\vfprintf.c
                  __pa_45   0x001450    program     static C:\MCC18\src\traditional\stdclib\vfprintf.c
                  __pa_46   0x00145c    program     static C:\MCC18\src\traditional\stdclib\vfprintf.c
     bola_proxima_posicao   0x001466    program     extern C:\ProjetosPICMINAS\ProjetoConclusao\actions.c
            bola_desenhar   0x0014f6    program     extern C:\ProjetosPICMINAS\ProjetoConclusao\actions.c
              bola_limpar   0x001738    program     extern C:\ProjetosPICMINAS\ProjetoConclusao\actions.c
    bola_calcular_direcao   0x001756    program     extern C:\ProjetosPICMINAS\ProjetoConclusao\actions.c
             bola_iniciar   0x001786    program     extern C:\ProjetosPICMINAS\ProjetoConclusao\actions.c
    barra_proxima_posicao   0x0017c6    program     extern C:\ProjetosPICMINAS\ProjetoConclusao\actions.c
             barra_limpar   0x0018a0    program     extern C:\ProjetosPICMINAS\ProjetoConclusao\actions.c
           barra_desenhar   0x001906    program     extern C:\ProjetosPICMINAS\ProjetoConclusao\actions.c
            barra_iniciar   0x0019fe    program     extern C:\ProjetosPICMINAS\ProjetoConclusao\actions.c
        verificar_colisao   0x001a3c    program     static C:\ProjetosPICMINAS\ProjetoConclusao\actions.c
                   placar   0x001af4    program     static C:\ProjetosPICMINAS\ProjetoConclusao\actions.c
              __tmplbl_17   0x001b08    program     static                          
              __tmplbl_16   0x001b10    program     static                          
         ___else_lbl00089   0x001b36    program     static                          
           ___if_lbl00088   0x001b46    program     static                          
          ___for_lbl00092   0x001b4a    program     static                          
          ___for_lbl00090   0x001b64    program     static                          
          ___for_lbl00091   0x001b6a    program     static                          
           ___if_lbl00093   0x001b6e    program     static                          
       ___return_lbl00086   0x001bc2    program     static                          
             iniciar_jogo   0x001bd6    program     extern C:\ProjetosPICMINAS\ProjetoConclusao\actions.c
                    jogar   0x001c10    program     static C:\ProjetosPICMINAS\ProjetoConclusao\actions.c
     CGRAM_cache_escrever   0x001c30    program     static C:\ProjetosPICMINAS\ProjetoConclusao\actions.c
             XLCD_iniciar   0x001ca8    program     extern C:\ProjetosPICMINAS\ProjetoConclusao\my_xlcd.c
            XLCD_executar   0x001d66    program     extern C:\ProjetosPICMINAS\ProjetoConclusao\my_xlcd.c
       XLCD_escrever_byte   0x001dfe    program     extern C:\ProjetosPICMINAS\ProjetoConclusao\my_xlcd.c
          XLCD_posicionar   0x001e96    program     extern C:\ProjetosPICMINAS\ProjetoConclusao\my_xlcd.c
     XLCD_escrever_string   0x001f26    program     extern C:\ProjetosPICMINAS\ProjetoConclusao\my_xlcd.c
 XLCD_escrever_rom_string   0x001f66    program     extern C:\ProjetosPICMINAS\ProjetoConclusao\my_xlcd.c
              XLCD_limpar   0x001faa    program     extern C:\ProjetosPICMINAS\ProjetoConclusao\my_xlcd.c
               XLCD_CGRAM   0x001fb4    program     extern C:\ProjetosPICMINAS\ProjetoConclusao\my_xlcd.c
                     main   0x001fbe    program     extern C:\ProjetosPICMINAS\ProjetoConclusao\main.c
    tratar_high_interrupt   0x001fc6    program     extern C:\ProjetosPICMINAS\ProjetoConclusao\main.c
     tratar_low_interrupt   0x00207a    program     extern C:\ProjetosPICMINAS\ProjetoConclusao\main.c
                  sprintf   0x00214e    program     extern C:\MCC18\src\traditional\stdclib\sprintf.c
                 FXD1616S   0x0021fa    program     extern C:\MCC18\src\traditional\math\fxd1616s.asm
                  DA1616S   0x00220c    program     static C:\MCC18\src\traditional\math\fxd1616s.asm
                   D1616S   0x00221c    program     static C:\MCC18\src\traditional\math\fxd1616s.asm
                 D1616SOK   0x002226    program     static C:\MCC18\src\traditional\math\fxd1616s.asm
                D1616SNEG   0x00222a    program     static C:\MCC18\src\traditional\math\fxd1616s.asm
                  D1616SX   0x00223c    program     static C:\MCC18\src\traditional\math\fxd1616s.asm
                 FXM1616S   0x002246    program     extern C:\MCC18\src\traditional\math\fxm1616s.asm
               TSIGN1616A   0x002292    program     static C:\MCC18\src\traditional\math\fxm1616s.asm
                _do_cinit   0x0022a0    program     extern C:\MCC18\src\traditional\startup\c018i.c
                     test   0x0022ba    program     static                          
                copy_loop   0x002312    program     static                          
            copy_one_byte   0x002318    program     static                          
             done_copying   0x002326    program     static                          
                     done   0x00233c    program     static                          
       ___return_lbl00002   0x00233c    program     static                          
                     putc   0x00233e    program     extern C:\MCC18\src\traditional\stdclib\putc.c
                  FXM3232   0x0023c2    program     extern C:\MCC18\src\traditional\math\fxm3232.c
       ___return_lbl00000   0x002430    program     static                          
                   strlen   0x002432    program     extern C:\MCC18\src\traditional\stdclib\strlen.asm
                    jLoop   0x002442    program     static C:\MCC18\src\traditional\stdclib\strlen.asm
                     jEnd   0x00244c    program     static C:\MCC18\src\traditional\stdclib\strlen.asm
                strlenpgm   0x00244e    program     extern C:\MCC18\src\traditional\stdclib\slenpgm.asm
                    jLoop   0x00246c    program     static C:\MCC18\src\traditional\stdclib\slenpgm.asm
                   _2jEnd   0x002482    program     static C:\MCC18\src\traditional\stdclib\slenpgm.asm
                     jEnd   0x002484    program     static C:\MCC18\src\traditional\stdclib\slenpgm.asm
       configurar_sistema   0x002498    program     extern C:\ProjetosPICMINAS\ProjetoConclusao\config.c
  configurar_interrupcoes   0x0024b6    program     extern C:\ProjetosPICMINAS\ProjetoConclusao\config.c
                 FXD3232U   0x0024fa    program     extern C:\MCC18\src\traditional\math\fxd3232u.c
                     loop   0x002508    program     static                          
                   _false   0x00253c    program     static                          
       ___return_lbl00000   0x002540    program     static                          
               OpenTimer1   0x002542    program     extern C:\MCC18\src\pmc_common\Timers\t1open.c
              WriteTimer1   0x002584    program     extern C:\MCC18\src\pmc_common\Timers\t1write.c
              WriteTimer0   0x0025bc    program     extern C:\MCC18\src\pmc_common\Timers\t0write.c
               OpenTimer0   0x0025f4    program     extern C:\MCC18\src\pmc_common\Timers\t0open.c
             Delay10KTCYx   0x00262c    program     extern C:\MCC18\src\traditional\delays\d10ktcyx.asm
                    D10Kx   0x002636    program     static C:\MCC18\src\traditional\delays\d10ktcyx.asm
                   D10K_1   0x002638    program     static C:\MCC18\src\traditional\delays\d10ktcyx.asm
       _D10KTCYXCODE_0010   0x00263c    program     static C:\MCC18\src\traditional\delays\d10ktcyx.asm
                    D10Kl   0x002644    program     static C:\MCC18\src\traditional\delays\d10ktcyx.asm
       _D10KTCYXCODE_001C   0x002648    program     static C:\MCC18\src\traditional\delays\d10ktcyx.asm
                 FXD1616U   0x00265a    program     extern C:\MCC18\src\traditional\math\fxd1616u.c
                     loop   0x002664    program     static                          
                  endloop   0x002680    program     static                          
       ___return_lbl00000   0x002684    program     static                          
               __string_2   0x002686    program     static C:\ProjetosPICMINAS\ProjetoConclusao\actions.c
               __string_1   0x00268c    program     static C:\ProjetosPICMINAS\ProjetoConclusao\actions.c
               __string_0   0x00269d    program     static C:\ProjetosPICMINAS\ProjetoConclusao\actions.c
                  isdigit   0x0026ae    program     extern C:\MCC18\src\traditional\stdclib\isdigit.asm
                   jMatch   0x0026ce    program     static C:\MCC18\src\traditional\stdclib\isdigit.asm
                 jNoMatch   0x0026d0    program     static C:\MCC18\src\traditional\stdclib\isdigit.asm
              Delay1KTCYx   0x0026d2    program     extern C:\MCC18\src\traditional\delays\d1ktcyx.asm
                     D1Kx   0x0026dc    program     static C:\MCC18\src\traditional\delays\d1ktcyx.asm
                    D1K_1   0x0026de    program     static C:\MCC18\src\traditional\delays\d1ktcyx.asm
        _D1KTCYXCODE_0010   0x0026e2    program     static C:\MCC18\src\traditional\delays\d1ktcyx.asm
        _D1KTCYXCODE_0016   0x0026e8    program     static C:\MCC18\src\traditional\delays\d1ktcyx.asm
                 _startup   0x0026f2    program     extern C:\MCC18\src\traditional\startup\c018i.c
                     loop   0x002702    program     static                          
       ___return_lbl00001   0x00270c    program     static                          
              _usart_putc   0x00270e    program     extern C:\MCC18\src\pmc_common\USART\_usartpc.asm
                     loop   0x00271e    program     static C:\MCC18\src\pmc_common\USART\_usartpc.asm
                 FXD0808U   0x00272a    program     extern C:\MCC18\src\traditional\math\fxd0808u.c
                     loop   0x002732    program     static                          
                  endloop   0x002740    program     static                          
       ___return_lbl00000   0x002744    program     static                          
                 s_digits   0x002746    program     static C:\MCC18\src\traditional\stdclib\vfprintf.c
            __zero_memory   0x002758    program     extern C:\MCC18\src\traditional\proc\p18F4550.asm
               clear_loop   0x00275e    program     static C:\MCC18\src\traditional\proc\p18F4550.asm
               _user_putc   0x002766    program     extern C:\MCC18\src\traditional\stdclib\_user_putc.c
                   __init   0x002768    program     extern C:\MCC18\src\traditional\stdclib\__init.c
                     SIGN   0x000000       data     extern C:\MCC18\src\traditional\math\cmath18.asm
            __FPFLAGSbits   0x000001       data     extern C:\MCC18\src\traditional\math\cmath18.asm
                __FPFLAGS   0x000001       data     extern C:\MCC18\src\traditional\math\cmath18.asm
                  __REMB3   0x000002       data     extern C:\MCC18\src\traditional\math\aarg.asm
                 __AARGB7   0x000002       data     extern C:\MCC18\src\traditional\math\aarg.asm
                  __REMB2   0x000003       data     extern C:\MCC18\src\traditional\math\aarg.asm
                 __AARGB6   0x000003       data     extern C:\MCC18\src\traditional\math\aarg.asm
                  __REMB1   0x000004       data     extern C:\MCC18\src\traditional\math\aarg.asm
                 __AARGB5   0x000004       data     extern C:\MCC18\src\traditional\math\aarg.asm
                  __REMB0   0x000005       data     extern C:\MCC18\src\traditional\math\aarg.asm
                 __AARGB4   0x000005       data     extern C:\MCC18\src\traditional\math\aarg.asm
                 __AARGB3   0x000006       data     extern C:\MCC18\src\traditional\math\aarg.asm
                 __AARGB2   0x000007       data     extern C:\MCC18\src\traditional\math\aarg.asm
                 __AARGB1   0x000008       data     extern C:\MCC18\src\traditional\math\aarg.asm
                 __AARGB0   0x000009       data     extern C:\MCC18\src\traditional\math\aarg.asm
                   __AEXP   0x00000a       data     extern C:\MCC18\src\traditional\math\aarg.asm
                 __BARGB3   0x00000b       data     extern C:\MCC18\src\traditional\math\barg.asm
                 __BARGB2   0x00000c       data     extern C:\MCC18\src\traditional\math\barg.asm
                 __BARGB1   0x00000d       data     extern C:\MCC18\src\traditional\math\barg.asm
                 __BARGB0   0x00000e       data     extern C:\MCC18\src\traditional\math\barg.asm
                   __BEXP   0x00000f       data     extern C:\MCC18\src\traditional\math\barg.asm
                 __TEMPB3   0x000010       data     extern C:\MCC18\src\traditional\math\temparg.asm
                 __TEMPB2   0x000011       data     extern C:\MCC18\src\traditional\math\temparg.asm
                 __TEMPB1   0x000012       data     extern C:\MCC18\src\traditional\math\temparg.asm
                   __TEMP   0x000013       data     extern C:\MCC18\src\traditional\math\temparg.asm
                 __TEMPB0   0x000013       data     extern C:\MCC18\src\traditional\math\temparg.asm
                  __tmp_0   0x000014       data     static C:\MCC18\src\traditional\stdclib\vfprintf.c
                  __tmp_0   0x000014       data     static C:\MCC18\src\traditional\stdclib\sprintf.c
                  __tmp_0   0x000014       data     static C:\ProjetosPICMINAS\ProjetoConclusao\actions.c
                  __tmp_0   0x000014       data     static C:\MCC18\src\traditional\stdclib\putc.c
            DelayCounter2   0x00001b       data     extern C:\MCC18\src\traditional\delays\delayd2.asm
            DelayCounter1   0x00001c       data     extern C:\MCC18\src\traditional\delays\delayd1.asm
                   barras   0x000060       data     static C:\ProjetosPICMINAS\ProjetoConclusao\actions.h
                     bola   0x000069       data     static C:\ProjetosPICMINAS\ProjetoConclusao\actions.h
              CGRAM_cache   0x00007a       data     static C:\ProjetosPICMINAS\ProjetoConclusao\actions.h
                   barras   0x000092       data     static C:\ProjetosPICMINAS\ProjetoConclusao\actions.h
                     bola   0x00009b       data     static C:\ProjetosPICMINAS\ProjetoConclusao\actions.h
              CGRAM_cache   0x0000ac       data     static C:\ProjetosPICMINAS\ProjetoConclusao\actions.h
                     prom   0x0000c4       data     static C:\MCC18\src\traditional\startup\c018i.c
                curr_byte   0x0000c7       data     static C:\MCC18\src\traditional\startup\c018i.c
               curr_entry   0x0000c9       data     static C:\MCC18\src\traditional\startup\c018i.c
                 data_ptr   0x0000cb       data     static C:\MCC18\src\traditional\startup\c018i.c
         gols_na_esquerda   0x0000ce       data     static C:\ProjetosPICMINAS\ProjetoConclusao\actions.h
          gols_na_direita   0x0000cf       data     static C:\ProjetosPICMINAS\ProjetoConclusao\actions.h
        barra_up_debounce   0x0000d0       data     extern C:\ProjetosPICMINAS\ProjetoConclusao\actions.c
      barra_down_debounce   0x0000d1       data     extern C:\ProjetosPICMINAS\ProjetoConclusao\actions.c
   preescaler_fake_timer1   0x0000d2       data     extern C:\ProjetosPICMINAS\ProjetoConclusao\actions.c
         gols_na_esquerda   0x0000d3       data     static C:\ProjetosPICMINAS\ProjetoConclusao\actions.h
          gols_na_direita   0x0000d4       data     static C:\ProjetosPICMINAS\ProjetoConclusao\actions.h
                  SPPDATA   0x000f62       data     extern C:\MCC18\src\traditional\proc\p18F4550.asm
                   SPPCFG   0x000f63       data     extern C:\MCC18\src\traditional\proc\p18F4550.asm
               SPPCFGbits   0x000f63       data     extern C:\MCC18\src\traditional\proc\p18F4550.asm
                   SPPEPS   0x000f64       data     extern C:\MCC18\src\traditional\proc\p18F4550.asm
               SPPEPSbits   0x000f64       data     extern C:\MCC18\src\traditional\proc\p18F4550.asm
                   SPPCON   0x000f65       data     extern C:\MCC18\src\traditional\proc\p18F4550.asm
               SPPCONbits   0x000f65       data     extern C:\MCC18\src\traditional\proc\p18F4550.asm
                    UFRML   0x000f66       data     extern C:\MCC18\src\traditional\proc\p18F4550.asm
                UFRMLbits   0x000f66       data     extern C:\MCC18\src\traditional\proc\p18F4550.asm
                     UFRM   0x000f66       data     extern C:\MCC18\src\traditional\proc\p18F4550.asm
                UFRMHbits   0x000f67       data     extern C:\MCC18\src\traditional\proc\p18F4550.asm
                    UFRMH   0x000f67       data     extern C:\MCC18\src\traditional\proc\p18F4550.asm
                  UIRbits   0x000f68       data     extern C:\MCC18\src\traditional\proc\p18F4550.asm
                      UIR   0x000f68       data     extern C:\MCC18\src\traditional\proc\p18F4550.asm
                  UIEbits   0x000f69       data     extern C:\MCC18\src\traditional\proc\p18F4550.asm
                      UIE   0x000f69       data     extern C:\MCC18\src\traditional\proc\p18F4550.asm
                 UEIRbits   0x000f6a       data     extern C:\MCC18\src\traditional\proc\p18F4550.asm
                     UEIR   0x000f6a       data     extern C:\MCC18\src\traditional\proc\p18F4550.asm
[...]
                    UEP13   0x000f7d       data     extern C:\MCC18\src\traditional\proc\p18F4550.asm
                UEP13bits   0x000f7d       data     extern C:\MCC18\src\traditional\proc\p18F4550.asm
                UEP14bits   0x000f7e       data     extern C:\MCC18\src\traditional\proc\p18F4550.asm
                    UEP14   0x000f7e       data     extern C:\MCC18\src\traditional\proc\p18F4550.asm
                UEP15bits   0x000f7f       data     extern C:\MCC18\src\traditional\proc\p18F4550.asm
                    UEP15   0x000f7f       data     extern C:\MCC18\src\traditional\proc\p18F4550.asm
                    PORTA   0x000f80       data     extern C:\MCC18\src\traditional\proc\p18F4550.asm
                PORTAbits   0x000f80       data     extern C:\MCC18\src\traditional\proc\p18F4550.asm
                    PORTB   0x000f81       data     extern C:\MCC18\src\traditional\proc\p18F4550.asm
                PORTBbits   0x000f81       data     extern C:\MCC18\src\traditional\proc\p18F4550.asm
                    PORTC   0x000f82       data     extern C:\MCC18\src\traditional\proc\p18F4550.asm
                PORTCbits   0x000f82       data     extern C:\MCC18\src\traditional\proc\p18F4550.asm
                    PORTD   0x000f83       data     extern C:\MCC18\src\traditional\proc\p18F4550.asm
                PORTDbits   0x000f83       data     extern C:\MCC18\src\traditional\proc\p18F4550.asm
                    PORTE   0x000f84       data     extern C:\MCC18\src\traditional\proc\p18F4550.asm
                PORTEbits   0x000f84       data     extern C:\MCC18\src\traditional\proc\p18F4550.asm
                     LATA   0x000f89       data     extern C:\MCC18\src\traditional\proc\p18F4550.asm
                 LATAbits   0x000f89       data     extern C:\MCC18\src\traditional\proc\p18F4550.asm
                 LATBbits   0x000f8a       data     extern C:\MCC18\src\traditional\proc\p18F4550.asm
                     LATB   0x000f8a       data     extern C:\MCC18\src\traditional\proc\p18F4550.asm
                 LATCbits   0x000f8b       data     extern C:\MCC18\src\traditional\proc\p18F4550.asm
                     LATC   0x000f8b       data     extern C:\MCC18\src\traditional\proc\p18F4550.asm
                 LATDbits   0x000f8c       data     extern C:\MCC18\src\traditional\proc\p18F4550.asm
                     LATD   0x000f8c       data     extern C:\MCC18\src\traditional\proc\p18F4550.asm
                 LATEbits   0x000f8d       data     extern C:\MCC18\src\traditional\proc\p18F4550.asm
                     LATE   0x000f8d       data     extern C:\MCC18\src\traditional\proc\p18F4550.asm
                    TRISA   0x000f92       data     extern C:\MCC18\src\traditional\proc\p18F4550.asm
                TRISAbits   0x000f92       data     extern C:\MCC18\src\traditional\proc\p18F4550.asm
                     DDRA   0x000f92       data     extern C:\MCC18\src\traditional\proc\p18F4550.asm
                 DDRAbits   0x000f92       data     extern C:\MCC18\src\traditional\proc\p18F4550.asm
                     DDRB   0x000f93       data     extern C:\MCC18\src\traditional\proc\p18F4550.asm
                 DDRBbits   0x000f93       data     extern C:\MCC18\src\traditional\proc\p18F4550.asm
                TRISBbits   0x000f93       data     extern C:\MCC18\src\traditional\proc\p18F4550.asm
                    TRISB   0x000f93       data     extern C:\MCC18\src\traditional\proc\p18F4550.asm
                     DDRC   0x000f94       data     extern C:\MCC18\src\traditional\proc\p18F4550.asm
                TRISCbits   0x000f94       data     extern C:\MCC18\src\traditional\proc\p18F4550.asm
                    TRISC   0x000f94       data     extern C:\MCC18\src\traditional\proc\p18F4550.asm
                 DDRCbits   0x000f94       data     extern C:\MCC18\src\traditional\proc\p18F4550.asm
                 DDRDbits   0x000f95       data     extern C:\MCC18\src\traditional\proc\p18F4550.asm
                TRISDbits   0x000f95       data     extern C:\MCC18\src\traditional\proc\p18F4550.asm
                    TRISD   0x000f95       data     extern C:\MCC18\src\traditional\proc\p18F4550.asm
                     DDRD   0x000f95       data     extern C:\MCC18\src\traditional\proc\p18F4550.asm
                     DDRE   0x000f96       data     extern C:\MCC18\src\traditional\proc\p18F4550.asm
                 DDREbits   0x000f96       data     extern C:\MCC18\src\traditional\proc\p18F4550.asm
                    TRISE   0x000f96       data     extern C:\MCC18\src\traditional\proc\p18F4550.asm
                TRISEbits   0x000f96       data     extern C:\MCC18\src\traditional\proc\p18F4550.asm
              OSCTUNEbits   0x000f9b       data     extern C:\MCC18\src\traditional\proc\p18F4550.asm
                  OSCTUNE   0x000f9b       data     extern C:\MCC18\src\traditional\proc\p18F4550.asm
                 PIE1bits   0x000f9d       data     extern C:\MCC18\src\traditional\proc\p18F4550.asm
                     PIE1   0x000f9d       data     extern C:\MCC18\src\traditional\proc\p18F4550.asm
                     PIR1   0x000f9e       data     extern C:\MCC18\src\traditional\proc\p18F4550.asm
                 PIR1bits   0x000f9e       data     extern C:\MCC18\src\traditional\proc\p18F4550.asm
                     IPR1   0x000f9f       data     extern C:\MCC18\src\traditional\proc\p18F4550.asm
                 IPR1bits   0x000f9f       data     extern C:\MCC18\src\traditional\proc\p18F4550.asm
                     PIE2   0x000fa0       data     extern C:\MCC18\src\traditional\proc\p18F4550.asm
                 PIE2bits   0x000fa0       data     extern C:\MCC18\src\traditional\proc\p18F4550.asm
                     PIR2   0x000fa1       data     extern C:\MCC18\src\traditional\proc\p18F4550.asm
                 PIR2bits   0x000fa1       data     extern C:\MCC18\src\traditional\proc\p18F4550.asm
                     IPR2   0x000fa2       data     extern C:\MCC18\src\traditional\proc\p18F4550.asm
                 IPR2bits   0x000fa2       data     extern C:\MCC18\src\traditional\proc\p18F4550.asm
               EECON1bits   0x000fa6       data     extern C:\MCC18\src\traditional\proc\p18F4550.asm
                   EECON1   0x000fa6       data     extern C:\MCC18\src\traditional\proc\p18F4550.asm
                   EECON2   0x000fa7       data     extern C:\MCC18\src\traditional\proc\p18F4550.asm
                   EEDATA   0x000fa8       data     extern C:\MCC18\src\traditional\proc\p18F4550.asm
                    EEADR   0x000fa9       data     extern C:\MCC18\src\traditional\proc\p18F4550.asm
                    RCSTA   0x000fab       data     extern C:\MCC18\src\traditional\proc\p18F4550.asm
                RCSTAbits   0x000fab       data     extern C:\MCC18\src\traditional\proc\p18F4550.asm
                    TXSTA   0x000fac       data     extern C:\MCC18\src\traditional\proc\p18F4550.asm
                TXSTAbits   0x000fac       data     extern C:\MCC18\src\traditional\proc\p18F4550.asm
                    TXREG   0x000fad       data     extern C:\MCC18\src\traditional\proc\p18F4550.asm
                    RCREG   0x000fae       data     extern C:\MCC18\src\traditional\proc\p18F4550.asm
                    SPBRG   0x000faf       data     extern C:\MCC18\src\traditional\proc\p18F4550.asm
                   SPBRGH   0x000fb0       data     extern C:\MCC18\src\traditional\proc\p18F4550.asm
                    T3CON   0x000fb1       data     extern C:\MCC18\src\traditional\proc\p18F4550.asm
                T3CONbits   0x000fb1       data     extern C:\MCC18\src\traditional\proc\p18F4550.asm
                    TMR3L   0x000fb2       data     extern C:\MCC18\src\traditional\proc\p18F4550.asm
                    TMR3H   0x000fb3       data     extern C:\MCC18\src\traditional\proc\p18F4550.asm
                CMCONbits   0x000fb4       data     extern C:\MCC18\src\traditional\proc\p18F4550.asm
                    CMCON   0x000fb4       data     extern C:\MCC18\src\traditional\proc\p18F4550.asm
               CVRCONbits   0x000fb5       data     extern C:\MCC18\src\traditional\proc\p18F4550.asm
                   CVRCON   0x000fb5       data     extern C:\MCC18\src\traditional\proc\p18F4550.asm
                   CCP1AS   0x000fb6       data     extern C:\MCC18\src\traditional\proc\p18F4550.asm
               CCP1ASbits   0x000fb6       data     extern C:\MCC18\src\traditional\proc\p18F4550.asm
                  ECCP1AS   0x000fb6       data     extern C:\MCC18\src\traditional\proc\p18F4550.asm
              ECCP1ASbits   0x000fb6       data     extern C:\MCC18\src\traditional\proc\p18F4550.asm
                  CCP1DEL   0x000fb7       data     extern C:\MCC18\src\traditional\proc\p18F4550.asm
              CCP1DELbits   0x000fb7       data     extern C:\MCC18\src\traditional\proc\p18F4550.asm
                 ECCP1DEL   0x000fb7       data     extern C:\MCC18\src\traditional\proc\p18F4550.asm
             ECCP1DELbits   0x000fb7       data     extern C:\MCC18\src\traditional\proc\p18F4550.asm
                  BAUDCON   0x000fb8       data     extern C:\MCC18\src\traditional\proc\p18F4550.asm
              BAUDCONbits   0x000fb8       data     extern C:\MCC18\src\traditional\proc\p18F4550.asm
                  CCP2CON   0x000fba       data     extern C:\MCC18\src\traditional\proc\p18F4550.asm
              CCP2CONbits   0x000fba       data     extern C:\MCC18\src\traditional\proc\p18F4550.asm
                    CCPR2   0x000fbb       data     extern C:\MCC18\src\traditional\proc\p18F4550.asm
                   CCPR2L   0x000fbb       data     extern C:\MCC18\src\traditional\proc\p18F4550.asm
                   CCPR2H   0x000fbc       data     extern C:\MCC18\src\traditional\proc\p18F4550.asm
              CCP1CONbits   0x000fbd       data     extern C:\MCC18\src\traditional\proc\p18F4550.asm
                  CCP1CON   0x000fbd       data     extern C:\MCC18\src\traditional\proc\p18F4550.asm
                 ECCP1CON   0x000fbd       data     extern C:\MCC18\src\traditional\proc\p18F4550.asm
             ECCP1CONbits   0x000fbd       data     extern C:\MCC18\src\traditional\proc\p18F4550.asm
                    CCPR1   0x000fbe       data     extern C:\MCC18\src\traditional\proc\p18F4550.asm
                   CCPR1L   0x000fbe       data     extern C:\MCC18\src\traditional\proc\p18F4550.asm
                   CCPR1H   0x000fbf       data     extern C:\MCC18\src\traditional\proc\p18F4550.asm
               ADCON2bits   0x000fc0       data     extern C:\MCC18\src\traditional\proc\p18F4550.asm
                   ADCON2   0x000fc0       data     extern C:\MCC18\src\traditional\proc\p18F4550.asm
               ADCON1bits   0x000fc1       data     extern C:\MCC18\src\traditional\proc\p18F4550.asm
                   ADCON1   0x000fc1       data     extern C:\MCC18\src\traditional\proc\p18F4550.asm
                   ADCON0   0x000fc2       data     extern C:\MCC18\src\traditional\proc\p18F4550.asm
               ADCON0bits   0x000fc2       data     extern C:\MCC18\src\traditional\proc\p18F4550.asm
                    ADRES   0x000fc3       data     extern C:\MCC18\src\traditional\proc\p18F4550.asm
                   ADRESL   0x000fc3       data     extern C:\MCC18\src\traditional\proc\p18F4550.asm
                   ADRESH   0x000fc4       data     extern C:\MCC18\src\traditional\proc\p18F4550.asm
                  SSPCON2   0x000fc5       data     extern C:\MCC18\src\traditional\proc\p18F4550.asm
              SSPCON2bits   0x000fc5       data     extern C:\MCC18\src\traditional\proc\p18F4550.asm
                  SSPCON1   0x000fc6       data     extern C:\MCC18\src\traditional\proc\p18F4550.asm
              SSPCON1bits   0x000fc6       data     extern C:\MCC18\src\traditional\proc\p18F4550.asm
                  SSPSTAT   0x000fc7       data     extern C:\MCC18\src\traditional\proc\p18F4550.asm
              SSPSTATbits   0x000fc7       data     extern C:\MCC18\src\traditional\proc\p18F4550.asm
                   SSPADD   0x000fc8       data     extern C:\MCC18\src\traditional\proc\p18F4550.asm
                   SSPBUF   0x000fc9       data     extern C:\MCC18\src\traditional\proc\p18F4550.asm
                T2CONbits   0x000fca       data     extern C:\MCC18\src\traditional\proc\p18F4550.asm
                    T2CON   0x000fca       data     extern C:\MCC18\src\traditional\proc\p18F4550.asm
                      PR2   0x000fcb       data     extern C:\MCC18\src\traditional\proc\p18F4550.asm
                     TMR2   0x000fcc       data     extern C:\MCC18\src\traditional\proc\p18F4550.asm
                T1CONbits   0x000fcd       data     extern C:\MCC18\src\traditional\proc\p18F4550.asm
                    T1CON   0x000fcd       data     extern C:\MCC18\src\traditional\proc\p18F4550.asm
                    TMR1L   0x000fce       data     extern C:\MCC18\src\traditional\proc\p18F4550.asm
                    TMR1H   0x000fcf       data     extern C:\MCC18\src\traditional\proc\p18F4550.asm
                     RCON   0x000fd0       data     extern C:\MCC18\src\traditional\proc\p18F4550.asm
                 RCONbits   0x000fd0       data     extern C:\MCC18\src\traditional\proc\p18F4550.asm
               WDTCONbits   0x000fd1       data     extern C:\MCC18\src\traditional\proc\p18F4550.asm
                   WDTCON   0x000fd1       data     extern C:\MCC18\src\traditional\proc\p18F4550.asm
               LVDCONbits   0x000fd2       data     extern C:\MCC18\src\traditional\proc\p18F4550.asm
                   LVDCON   0x000fd2       data     extern C:\MCC18\src\traditional\proc\p18F4550.asm
              HLVDCONbits   0x000fd2       data     extern C:\MCC18\src\traditional\proc\p18F4550.asm
                  HLVDCON   0x000fd2       data     extern C:\MCC18\src\traditional\proc\p18F4550.asm
               OSCCONbits   0x000fd3       data     extern C:\MCC18\src\traditional\proc\p18F4550.asm
                   OSCCON   0x000fd3       data     extern C:\MCC18\src\traditional\proc\p18F4550.asm
                T0CONbits   0x000fd5       data     extern C:\MCC18\src\traditional\proc\p18F4550.asm
                    T0CON   0x000fd5       data     extern C:\MCC18\src\traditional\proc\p18F4550.asm
                    TMR0L   0x000fd6       data     extern C:\MCC18\src\traditional\proc\p18F4550.asm
                    TMR0H   0x000fd7       data     extern C:\MCC18\src\traditional\proc\p18F4550.asm
               STATUSbits   0x000fd8       data     extern C:\MCC18\src\traditional\proc\p18F4550.asm
                   STATUS   0x000fd8       data     extern C:\MCC18\src\traditional\proc\p18F4550.asm
                    FSR2L   0x000fd9       data     extern C:\MCC18\src\traditional\proc\p18F4550.asm
                     FSR2   0x000fd9       data     extern C:\MCC18\src\traditional\proc\p18F4550.asm
                    FSR2H   0x000fda       data     extern C:\MCC18\src\traditional\proc\p18F4550.asm
                   PLUSW2   0x000fdb       data     extern C:\MCC18\src\traditional\proc\p18F4550.asm
                  PREINC2   0x000fdc       data     extern C:\MCC18\src\traditional\proc\p18F4550.asm
                 POSTDEC2   0x000fdd       data     extern C:\MCC18\src\traditional\proc\p18F4550.asm
                 POSTINC2   0x000fde       data     extern C:\MCC18\src\traditional\proc\p18F4550.asm
                    INDF2   0x000fdf       data     extern C:\MCC18\src\traditional\proc\p18F4550.asm
                      BSR   0x000fe0       data     extern C:\MCC18\src\traditional\proc\p18F4550.asm
                    FSR1L   0x000fe1       data     extern C:\MCC18\src\traditional\proc\p18F4550.asm
                     FSR1   0x000fe1       data     extern C:\MCC18\src\traditional\proc\p18F4550.asm
                    FSR1H   0x000fe2       data     extern C:\MCC18\src\traditional\proc\p18F4550.asm
                   PLUSW1   0x000fe3       data     extern C:\MCC18\src\traditional\proc\p18F4550.asm
                  PREINC1   0x000fe4       data     extern C:\MCC18\src\traditional\proc\p18F4550.asm
                 POSTDEC1   0x000fe5       data     extern C:\MCC18\src\traditional\proc\p18F4550.asm
                 POSTINC1   0x000fe6       data     extern C:\MCC18\src\traditional\proc\p18F4550.asm
                    INDF1   0x000fe7       data     extern C:\MCC18\src\traditional\proc\p18F4550.asm
                     WREG   0x000fe8       data     extern C:\MCC18\src\traditional\proc\p18F4550.asm
                     FSR0   0x000fe9       data     extern C:\MCC18\src\traditional\proc\p18F4550.asm
                    FSR0L   0x000fe9       data     extern C:\MCC18\src\traditional\proc\p18F4550.asm
                    FSR0H   0x000fea       data     extern C:\MCC18\src\traditional\proc\p18F4550.asm
                   PLUSW0   0x000feb       data     extern C:\MCC18\src\traditional\proc\p18F4550.asm
                  PREINC0   0x000fec       data     extern C:\MCC18\src\traditional\proc\p18F4550.asm
                 POSTDEC0   0x000fed       data     extern C:\MCC18\src\traditional\proc\p18F4550.asm
                 POSTINC0   0x000fee       data     extern C:\MCC18\src\traditional\proc\p18F4550.asm
                    INDF0   0x000fef       data     extern C:\MCC18\src\traditional\proc\p18F4550.asm
              INTCON3bits   0x000ff0       data     extern C:\MCC18\src\traditional\proc\p18F4550.asm
                  INTCON3   0x000ff0       data     extern C:\MCC18\src\traditional\proc\p18F4550.asm
              INTCON2bits   0x000ff1       data     extern C:\MCC18\src\traditional\proc\p18F4550.asm
                  INTCON2   0x000ff1       data     extern C:\MCC18\src\traditional\proc\p18F4550.asm
               INTCONbits   0x000ff2       data     extern C:\MCC18\src\traditional\proc\p18F4550.asm
                   INTCON   0x000ff2       data     extern C:\MCC18\src\traditional\proc\p18F4550.asm
                     PROD   0x000ff3       data     extern C:\MCC18\src\traditional\proc\p18F4550.asm
                    PRODL   0x000ff3       data     extern C:\MCC18\src\traditional\proc\p18F4550.asm
                    PRODH   0x000ff4       data     extern C:\MCC18\src\traditional\proc\p18F4550.asm
                   TABLAT   0x000ff5       data     extern C:\MCC18\src\traditional\proc\p18F4550.asm
                   TBLPTR   0x000ff6       data     extern C:\MCC18\src\traditional\proc\p18F4550.asm
                  TBLPTRL   0x000ff6       data     extern C:\MCC18\src\traditional\proc\p18F4550.asm
                  TBLPTRH   0x000ff7       data     extern C:\MCC18\src\traditional\proc\p18F4550.asm
                  TBLPTRU   0x000ff8       data     extern C:\MCC18\src\traditional\proc\p18F4550.asm
                      PCL   0x000ff9       data     extern C:\MCC18\src\traditional\proc\p18F4550.asm
                       PC   0x000ff9       data     extern C:\MCC18\src\traditional\proc\p18F4550.asm
                   PCLATH   0x000ffa       data     extern C:\MCC18\src\traditional\proc\p18F4550.asm
                   PCLATU   0x000ffb       data     extern C:\MCC18\src\traditional\proc\p18F4550.asm
                   STKPTR   0x000ffc       data     extern C:\MCC18\src\traditional\proc\p18F4550.asm
               STKPTRbits   0x000ffc       data     extern C:\MCC18\src\traditional\proc\p18F4550.asm
                      TOS   0x000ffd       data     extern C:\MCC18\src\traditional\proc\p18F4550.asm
                     TOSL   0x000ffd       data     extern C:\MCC18\src\traditional\proc\p18F4550.asm
                     TOSH   0x000ffe       data     extern C:\MCC18\src\traditional\proc\p18F4550.asm
                     TOSU   0x000fff       data     extern C:\MCC18\src\traditional\proc\p18F4550.asm


